--- tta/tafas.py ---
  [ok] patched tta/tafas.py
  [ok] patched tta/tafas.py
  [ok] patched tta/tafas.py
  [ok] patched tta/tafas.py
--- tta/cosa.py ---
  [ok] patched tta/cosa.py
  [ok] patched tta/cosa.py
  [ok] patched tta/cosa.py
  [ok] patched tta/cosa.py
--- tta/petsa.py ---
  [ok] patched tta/petsa.py
  [ok] patched tta/petsa.py
  [ok] patched tta/petsa.py
  [ok] patched tta/petsa.py
--- tta/dynatta.py ---
  [ok] patched tta/dynatta.py
  [warn] anchor not found in tta/dynatta.py: 'self.pred_step_end_dict[batch_idx] = self.cur_step + self.cf'
  [ok] patched tta/dynatta.py
  [ok] patched tta/dynatta.py
--- tta/tafas.py partial-GT lag ---
  [ok] patched tta/tafas.py
--- tta/cosa.py partial-GT lag ---
  [ok] patched tta/cosa.py
  [ok] patched tta/cosa.py
--- datasets/build.py pandas>=2 compat (deprecated positional arg in Series.apply) ---
  [ok] patched datasets/build.py
  [ok] patched datasets/build.py
  [ok] patched datasets/build.py
  [ok] patched datasets/build.py
  [warn] anchor not found in datasets/build.py: 'df_stamp.date.apply(lambda row: row.minute, 1)'
--- autograd compat: out-of-place NST normalization (in-place div breaks input-graph TTA, e.g. DynaTTA) ---
  [ok] patched models/forecast.py
  [ok] patched models/normalize.py
  [ok] patched models/PatchTST.py
  [ok] patched models/iTransformer.py
--- PETSA/DynaTTA partial-GT lag (v8: puts both methods on the delay axis) ---
  [ok] patched tta/petsa.py
  [ok] patched tta/petsa.py
  [ok] patched tta/dynatta.py
  [ok] patched tta/dynatta.py
  [ok] patched tta/dynatta.py
  [ok] patched tta/dynatta.py
NOTE: with the v8 section applied, PETSA and DynaTTA can be run at LABEL_LAG>0 as well.
done.
